// Jest Snapshot v1, https://goo.gl/fbAQLP

exports[`utf8-win1251 transcoding 1`] = `
Object {
  "data": Object {
    "data": Array [
      65,
      80,
      61,
      49,
      49,
      49,
      49,
      13,
      10,
      82,
      69,
      81,
      95,
      84,
      89,
      80,
      69,
      61,
      236,
      224,
      236,
      224,
      32,
      236,
      251,
      235,
      224,
      32,
      240,
      224,
      236,
      243,
    ],
    "type": "Buffer",
  },
  "headers": Object {
    "Content-Type": "text/plain; encoding=windows-1251",
    "x-sign": "CksfMGXRE51QzUnvEeTzFCcDm7lsevqgc3drhcPQQQpDH2PndfUKiq11lJhao5ai%2FzIAjFINxGLDR2yxSAnyl4KunFLuCGzPMBTwkYqrTjGFOPDyAuy6a9vwQ1OA9qGdc7gZPAVe65TzsMjJ1CXyXkvWphjpqCehLYpqnoyXRGs%3D",
  },
  "method": "POST",
  "responseType": "arraybuffer",
  "transformResponse": [Function],
  "url": "https://predproc.tothemars.io/pay",
}
`;

exports[`utf8-win1251 transcoding 2`] = `
Object {
  "BAR": "зайчики заплакали",
  "FOO": "уточки закрякали",
}
`;
